2026-05-10 14:07:12 - ========== NEW PAYMENT ATTEMPT ==========
2026-05-10 14:07:12 - Transaction ID: 65
2026-05-10 14:07:12 - User ID: 5, Transaction ID: 65
2026-05-10 14:07:12 - ERROR: Transaction not found! ID: 65
2026-06-01 12:15:33 - ========== NEW PAYMENT ATTEMPT ==========
2026-06-01 12:15:33 - Transaction ID: 67
2026-06-01 12:15:33 - User ID: 18, Transaction ID: 67
2026-06-01 12:15:33 - Transaction found: FNL car
2026-06-01 12:15:33 - Seller ID: 5
2026-06-01 12:15:33 - Seller Name: Mesfin Haileslassie
2026-06-01 12:15:33 - Payment amounts - Deposit: 1260000, Commission: 630000, Total: 1890000
2026-06-01 12:15:33 - Existing payment code found: 93745
2026-06-01 12:15:33 - Page rendering completed
2026-06-01 12:15:44 - ========== NEW PAYMENT ATTEMPT ==========
2026-06-01 12:15:44 - Transaction ID: 67
2026-06-01 12:15:44 - User ID: 18, Transaction ID: 67
2026-06-01 12:15:44 - Transaction found: FNL car
2026-06-01 12:15:44 - Seller ID: 5
2026-06-01 12:15:44 - Seller Name: Mesfin Haileslassie
2026-06-01 12:15:44 - Payment amounts - Deposit: 1260000, Commission: 630000, Total: 1890000
2026-06-01 12:15:44 - Existing payment code found: 93745
2026-06-01 12:15:44 - Page rendering completed
2026-06-01 18:20:17 - ========== NEW PAYMENT ATTEMPT ==========
2026-06-01 18:20:17 - Transaction ID: 73
2026-06-01 18:20:17 - User ID: 19, Transaction ID: 73
2026-06-01 18:20:17 - Transaction found: FNL car
2026-06-01 18:20:17 - Seller ID: 5
2026-06-01 18:20:17 - Seller Name: Mesfin Haileslassie
2026-06-01 18:20:17 - Payment amounts - Deposit: 1260000, Commission: 630000, Total: 1890000
2026-06-01 18:20:42 - ========== NEW PAYMENT ATTEMPT ==========
2026-06-01 18:20:42 - Transaction ID: 73
2026-06-01 18:20:42 - User ID: 19, Transaction ID: 73
2026-06-01 18:20:42 - Transaction found: FNL car
2026-06-01 18:20:42 - Seller ID: 5
2026-06-01 18:20:42 - Seller Name: Mesfin Haileslassie
2026-06-01 18:20:42 - Payment amounts - Deposit: 1260000, Commission: 630000, Total: 1890000
2026-06-02 18:55:08 - ========== NEW PAYMENT ATTEMPT ==========
2026-06-02 18:55:08 - Transaction ID: 88
2026-06-02 18:59:52 - ========== NEW PAYMENT ATTEMPT ==========
2026-06-02 18:59:52 - Transaction ID: 89
2026-06-02 19:05:51 - ========== NEW PAYMENT ATTEMPT ==========
2026-06-02 19:05:51 - Transaction ID: 89
2026-06-02 19:05:51 - Database connection established
2026-06-02 19:05:51 - User ID: 21, Transaction ID: 89
2026-06-02 19:05:51 - Transaction found: Nissan 2026
2026-06-02 19:05:51 - Seller ID: 5
2026-06-02 19:05:51 - Seller Name: Mesfin Haileslassie
2026-06-02 19:05:51 - Payment amounts - Deposit: 180000, Commission: 180000, Total: 360000
2026-06-02 19:05:51 - Payment state synced
2026-06-02 19:05:51 - Generated new payment code: 31768 type: deposit_buyer
2026-06-02 19:05:51 - Page rendering completed
2026-06-02 19:14:04 - ========== NEW PAYMENT ATTEMPT ==========
2026-06-02 19:14:04 - Transaction ID: 89
2026-06-02 19:14:04 - Database connection established
2026-06-02 19:14:04 - User ID: 21, Transaction ID: 89
2026-06-02 19:14:04 - Transaction found: Nissan 2026
2026-06-02 19:14:04 - Seller ID: 5
2026-06-02 19:14:04 - Seller Name: Mesfin Haileslassie
2026-06-02 19:14:04 - Payment amounts - Deposit: 180000, Commission: 180000, Total: 360000
2026-06-02 19:14:04 - Payment state synced
2026-06-02 19:14:04 - Generated new payment code: 90029 type: deposit_buyer
2026-06-02 19:14:04 - Page rendering completed
2026-06-02 19:18:16 - ========== NEW PAYMENT ATTEMPT ==========
2026-06-02 19:18:16 - Transaction ID: 90
2026-06-02 19:18:16 - Database connection established
2026-06-02 19:18:16 - User ID: 21, Transaction ID: 90
2026-06-02 19:18:16 - Transaction found: edpkoj'p4tr'f
2026-06-02 19:18:16 - Seller ID: 17
2026-06-02 19:18:16 - Seller Name: Abebe Alemu
2026-06-02 19:18:16 - Payment amounts - Deposit: 360000, Commission: 48000, Total: 408000
2026-06-02 19:18:16 - Payment state synced
2026-06-02 19:18:16 - Generated new payment code: 27230 type: deposit_buyer
2026-06-02 19:18:16 - Page rendering completed
2026-06-02 19:43:05 - ========== NEW PAYMENT ATTEMPT ==========
2026-06-02 19:43:05 - Transaction ID: 91
2026-06-02 19:43:05 - Database connection established
2026-06-02 19:43:05 - User ID: 21, Transaction ID: 91
2026-06-02 19:43:05 - Transaction found: FNL car
2026-06-02 19:43:05 - Seller ID: 5
2026-06-02 19:43:05 - Seller Name: Mesfin Haileslassie
2026-06-02 19:43:05 - Payment amounts - Deposit: 1260000, Commission: 630000, Total: 1890000
2026-06-02 19:43:06 - Payment state synced
2026-06-02 19:43:06 - Generated new payment code: 85302 type: deposit_buyer, expires: 2026-06-02 20:13:06
2026-06-02 19:43:06 - Page rendering completed
2026-06-02 20:22:23 - ========== NEW PAYMENT ATTEMPT ==========
2026-06-02 20:22:23 - Transaction ID: 92
2026-06-02 20:22:23 - Database connection established
2026-06-02 20:22:23 - User ID: 21, Transaction ID: 92
2026-06-02 20:22:23 - Transaction found: Suzuki
2026-06-02 20:22:23 - Seller ID: 17
2026-06-02 20:22:23 - Seller Name: Abebe Alemu
2026-06-02 20:22:23 - Payment amounts - Deposit: 360000, Commission: 180000, Total: 540000
2026-06-02 20:22:23 - Payment state synced
2026-06-02 20:22:23 - Generated new payment code: 76942 type: deposit_buyer, expires: 2026-06-02 20:52:23
2026-06-02 20:22:23 - Page rendering completed
2026-06-02 20:31:51 - ========== NEW PAYMENT ATTEMPT ==========
2026-06-02 20:31:51 - Transaction ID: 91
2026-06-02 20:31:51 - Database connection established
2026-06-02 20:31:51 - User ID: 21, Transaction ID: 91
2026-06-02 20:31:51 - Remaining balance payment mode activated
2026-06-02 20:31:51 - Remaining balance mode confirmed
2026-06-02 20:31:51 - Transaction found: FNL car
2026-06-02 20:31:51 - Seller ID: 5
2026-06-02 20:31:51 - Seller Name: Mesfin Haileslassie
2026-06-02 20:31:51 - Payment amounts - Deposit: 1260000, Commission: 630000, Total: 1890000
2026-06-02 20:31:51 - Payment state synced
2026-06-02 20:31:51 - Remaining balance mode - Amount to pay: 2310000
2026-06-02 20:31:51 - Generated new payment code: 46987 type: remaining_balance, expires: 2026-06-02 21:01:51
2026-06-02 20:31:51 - Page rendering completed
2026-06-02 20:32:19 - ========== NEW PAYMENT ATTEMPT ==========
2026-06-02 20:32:19 - Transaction ID: 91
2026-06-02 20:32:19 - Database connection established
2026-06-02 20:32:19 - User ID: 21, Transaction ID: 91
2026-06-02 20:32:19 - Remaining balance payment mode activated
2026-06-02 20:32:19 - Remaining balance mode confirmed
2026-06-02 20:32:19 - Transaction found: FNL car
2026-06-02 20:32:19 - Seller ID: 5
2026-06-02 20:32:19 - Seller Name: Mesfin Haileslassie
2026-06-02 20:32:19 - Payment amounts - Deposit: 1260000, Commission: 630000, Total: 1890000
2026-06-02 20:32:19 - Payment state synced
2026-06-02 20:32:19 - Remaining balance mode - Amount to pay: 2310000
2026-06-02 20:32:19 - Generated new payment code: 34154 type: remaining_balance, expires: 2026-06-02 21:02:19
2026-06-02 20:32:19 - Page rendering completed
2026-06-02 21:18:54 - ========== NEW PAYMENT ATTEMPT ==========
2026-06-02 21:18:54 - Transaction ID: 93
2026-06-02 21:18:54 - Database connection established
2026-06-02 21:18:54 - User ID: 5, Transaction ID: 93
2026-06-02 21:18:54 - Transaction found: Mobile Application Developer
2026-06-02 21:18:54 - Seller ID: 16
2026-06-02 21:18:54 - Seller Name: Mesfin Haileslassie
2026-06-02 21:18:54 - Payment amounts - Deposit: 1800.05, Commission: 5400.15, Total: 7200.2
2026-06-02 21:18:54 - Payment state synced
2026-06-02 21:18:54 - Generated new payment code: 05567 type: deposit_buyer, expires: 2026-06-02 21:48:54
2026-06-02 21:18:54 - Page rendering completed
